<?xml version="1.0" encoding="utf-8"?><testsuites><testsuite name="pytest" errors="0" failures="0" skipped="0" tests="4" time="1.867" timestamp="2024-12-23T18:08:45.328352-05:00" hostname="CO000PW35QD20XW"><testcase classname="tests.api.test_api.TestBatchPipeline" name="test_should_failed_unkown_column_1" time="0.023" /><testcase classname="tests.api.test_api.TestBatchPipeline" name="test_should_failed_unkown_column_2" time="0.005" /><testcase classname="tests.api.test_api.TestBatchPipeline" name="test_should_failed_unkown_column_3" time="0.003" /><testcase classname="tests.api.test_api.TestBatchPipeline" name="test_should_get_predict" time="0.012" /></testsuite></testsuites>
